lcd.c:15:6:LCD_WR_REG	0	static
lcd.c:20:6:LCD_WR_DATA	0	static
lcd.c:25:10:LCD_RD_DATA	8	static
lcd.c:33:6:lcd_AddressSet	12	static
lcd.c:49:6:lcd_SetCursor	0	static
lcd.c:59:6:lcd_DisplayOn	0	static
lcd.c:64:6:lcd_DisplayOff	0	static
lcd.c:69:10:lcd_ReadPoint	8	static
lcd.c:83:6:lcd_Clear	16	static
lcd.c:100:6:lcd_Fill	24	static
lcd.c:113:6:lcd_DrawPoint	8	static
lcd.c:119:6:lcd_DrawLine	56	static
lcd.c:155:6:lcd_DrawRectangle	32	static
lcd.c:163:6:lcd_ShowChar	72	static
lcd.c:207:10:mypow	0	static
lcd.c:214:6:lcd_ShowIntNum	72	static
lcd.c:236:6:lcd_ShowFloatNum1	72	static
lcd.c:255:6:lcd_ShowPicture	24	static
lcd.c:274:6:lcd_SetDir	0	static
lcd.c:288:6:lcd_init	24	static
lcd.c:399:6:_draw_circle_8	40	static
lcd.c:418:6:lcd_DrawCircle	40	static
lcd.c:454:6:lcd_ShowStr	64	static
lcd.c:483:6:lcd_StrCenter	48	static
lcd.c:489:6:DrawTestPage	40	static
lcd.c:503:6:lcd_Display	16	static
