main.c:81:5:main	8	static
main.c:140:6:SystemClock_Config	88	static
main.c:181:6:system_init	8	static
main.c:194:6:test_LedDebug	8	static
main.c:201:6:test_7seg	8	static
main.c:207:6:test_button	16	static
main.c:216:6:updateTime	8	static
main.c:226:9:isButtonUp	4	static
main.c:234:9:isButtonDown	4	static
main.c:241:9:isButtonE	4	static
main.c:248:6:displayTime	24	static
main.c:257:6:ds3231_SetAlarm2	16	static
main.c:263:6:ds3231_EnableAlarm2	8	static
main.c:275:6:Error_Handler	4	static,ignoring_inline_asm
